// Jest Snapshot v1, https://goo.gl/fbAQLP

exports[`Header Container Header should match snapshot 1`] = `
ShallowWrapper {
  "length": 1,
  Symbol(enzyme.__root__): [Circular],
  Symbol(enzyme.__unrendered__): <Header
    handleFetch={[Function]}
    handleLogout={[Function]}
    name="Katie"
    signedIn={true}
/>,
  Symbol(enzyme.__renderer__): Object {
    "batchedUpdates": [Function],
    "getNode": [Function],
    "render": [Function],
    "simulateEvent": [Function],
    "unmount": [Function],
  },
  Symbol(enzyme.__node__): Object {
    "instance": null,
    "key": undefined,
    "nodeType": "host",
    "props": Object {
      "children": Array [
        <Link
          replace={false}
          to="/favorites"
>
          <button
                    className="btn-header-favorite"
          >
                    Favorites
          </button>
</Link>,
        <Link
          replace={false}
          to="/"
>
          <h1
                    className="App-title"
          >
                    MovieTracker
          </h1>
</Link>,
        <div
          className="welcome-msg"
>
          <p
                    className="btn-log-in"
          >
                    Welcome, Katie
          </p>
          <Link
                    replace={false}
                    to="/"
          >
                    <button
                              className="btn-sign-up"
                              onClick={[Function]}
                    >
                              Log Out
                    </button>
          </Link>
</div>,
      ],
      "className": "App-header",
    },
    "ref": null,
    "rendered": Array [
      Object {
        "instance": null,
        "key": undefined,
        "nodeType": "class",
        "props": Object {
          "children": <button
            className="btn-header-favorite"
>
            Favorites
</button>,
          "replace": false,
          "to": "/favorites",
        },
        "ref": null,
        "rendered": Object {
          "instance": null,
          "key": undefined,
          "nodeType": "host",
          "props": Object {
            "children": "Favorites",
            "className": "btn-header-favorite",
          },
          "ref": null,
          "rendered": "Favorites",
          "type": "button",
        },
        "type": [Function],
      },
      Object {
        "instance": null,
        "key": undefined,
        "nodeType": "class",
        "props": Object {
          "children": <h1
            className="App-title"
>
            MovieTracker
</h1>,
          "replace": false,
          "to": "/",
        },
        "ref": null,
        "rendered": Object {
          "instance": null,
          "key": undefined,
          "nodeType": "host",
          "props": Object {
            "children": "MovieTracker",
            "className": "App-title",
          },
          "ref": null,
          "rendered": "MovieTracker",
          "type": "h1",
        },
        "type": [Function],
      },
      Object {
        "instance": null,
        "key": undefined,
        "nodeType": "host",
        "props": Object {
          "children": Array [
            <p
              className="btn-log-in"
>
              Welcome, Katie
</p>,
            <Link
              replace={false}
              to="/"
>
              <button
                            className="btn-sign-up"
                            onClick={[Function]}
              >
                            Log Out
              </button>
</Link>,
          ],
          "className": "welcome-msg",
        },
        "ref": null,
        "rendered": Array [
          Object {
            "instance": null,
            "key": undefined,
            "nodeType": "host",
            "props": Object {
              "children": "Welcome, Katie",
              "className": "btn-log-in",
            },
            "ref": null,
            "rendered": "Welcome, Katie",
            "type": "p",
          },
          Object {
            "instance": null,
            "key": undefined,
            "nodeType": "class",
            "props": Object {
              "children": <button
                className="btn-sign-up"
                onClick={[Function]}
>
                Log Out
</button>,
              "replace": false,
              "to": "/",
            },
            "ref": null,
            "rendered": Object {
              "instance": null,
              "key": undefined,
              "nodeType": "host",
              "props": Object {
                "children": "Log Out",
                "className": "btn-sign-up",
                "onClick": [Function],
              },
              "ref": null,
              "rendered": "Log Out",
              "type": "button",
            },
            "type": [Function],
          },
        ],
        "type": "div",
      },
    ],
    "type": "header",
  },
  Symbol(enzyme.__nodes__): Array [
    Object {
      "instance": null,
      "key": undefined,
      "nodeType": "host",
      "props": Object {
        "children": Array [
          <Link
            replace={false}
            to="/favorites"
>
            <button
                        className="btn-header-favorite"
            >
                        Favorites
            </button>
</Link>,
          <Link
            replace={false}
            to="/"
>
            <h1
                        className="App-title"
            >
                        MovieTracker
            </h1>
</Link>,
          <div
            className="welcome-msg"
>
            <p
                        className="btn-log-in"
            >
                        Welcome, Katie
            </p>
            <Link
                        replace={false}
                        to="/"
            >
                        <button
                                    className="btn-sign-up"
                                    onClick={[Function]}
                        >
                                    Log Out
                        </button>
            </Link>
</div>,
        ],
        "className": "App-header",
      },
      "ref": null,
      "rendered": Array [
        Object {
          "instance": null,
          "key": undefined,
          "nodeType": "class",
          "props": Object {
            "children": <button
              className="btn-header-favorite"
>
              Favorites
</button>,
            "replace": false,
            "to": "/favorites",
          },
          "ref": null,
          "rendered": Object {
            "instance": null,
            "key": undefined,
            "nodeType": "host",
            "props": Object {
              "children": "Favorites",
              "className": "btn-header-favorite",
            },
            "ref": null,
            "rendered": "Favorites",
            "type": "button",
          },
          "type": [Function],
        },
        Object {
          "instance": null,
          "key": undefined,
          "nodeType": "class",
          "props": Object {
            "children": <h1
              className="App-title"
>
              MovieTracker
</h1>,
            "replace": false,
            "to": "/",
          },
          "ref": null,
          "rendered": Object {
            "instance": null,
            "key": undefined,
            "nodeType": "host",
            "props": Object {
              "children": "MovieTracker",
              "className": "App-title",
            },
            "ref": null,
            "rendered": "MovieTracker",
            "type": "h1",
          },
          "type": [Function],
        },
        Object {
          "instance": null,
          "key": undefined,
          "nodeType": "host",
          "props": Object {
            "children": Array [
              <p
                className="btn-log-in"
>
                Welcome, Katie
</p>,
              <Link
                replace={false}
                to="/"
>
                <button
                                className="btn-sign-up"
                                onClick={[Function]}
                >
                                Log Out
                </button>
</Link>,
            ],
            "className": "welcome-msg",
          },
          "ref": null,
          "rendered": Array [
            Object {
              "instance": null,
              "key": undefined,
              "nodeType": "host",
              "props": Object {
                "children": "Welcome, Katie",
                "className": "btn-log-in",
              },
              "ref": null,
              "rendered": "Welcome, Katie",
              "type": "p",
            },
            Object {
              "instance": null,
              "key": undefined,
              "nodeType": "class",
              "props": Object {
                "children": <button
                  className="btn-sign-up"
                  onClick={[Function]}
>
                  Log Out
</button>,
                "replace": false,
                "to": "/",
              },
              "ref": null,
              "rendered": Object {
                "instance": null,
                "key": undefined,
                "nodeType": "host",
                "props": Object {
                  "children": "Log Out",
                  "className": "btn-sign-up",
                  "onClick": [Function],
                },
                "ref": null,
                "rendered": "Log Out",
                "type": "button",
              },
              "type": [Function],
            },
          ],
          "type": "div",
        },
      ],
      "type": "header",
    },
  ],
  Symbol(enzyme.__options__): Object {
    "adapter": ReactSixteenAdapter {
      "options": Object {
        "enableComponentDidUpdateOnSetState": true,
      },
    },
  },
}
`;
