// Jest Snapshot v1, https://goo.gl/fbAQLP

exports[`Video tests should match the snapshot 1`] = `
ShallowWrapper {
  "length": 1,
  Symbol(enzyme.__root__): [Circular],
  Symbol(enzyme.__unrendered__): <FilmReel />,
  Symbol(enzyme.__renderer__): Object {
    "batchedUpdates": [Function],
    "getNode": [Function],
    "render": [Function],
    "simulateEvent": [Function],
    "unmount": [Function],
  },
  Symbol(enzyme.__node__): Object {
    "instance": null,
    "key": undefined,
    "nodeType": "host",
    "props": Object {
      "children": <iframe
        allowFullScreen={true}
        frameBorder="0"
        src="https://www.youtube.com/embed/9RTaIpVuTqE?rel=0&autoplay=1&controls=0&showinfo=0"
/>,
      "className": "film-reel-container",
    },
    "ref": null,
    "rendered": Object {
      "instance": null,
      "key": undefined,
      "nodeType": "host",
      "props": Object {
        "allowFullScreen": true,
        "frameBorder": "0",
        "src": "https://www.youtube.com/embed/9RTaIpVuTqE?rel=0&autoplay=1&controls=0&showinfo=0",
      },
      "ref": null,
      "rendered": null,
      "type": "iframe",
    },
    "type": "div",
  },
  Symbol(enzyme.__nodes__): Array [
    Object {
      "instance": null,
      "key": undefined,
      "nodeType": "host",
      "props": Object {
        "children": <iframe
          allowFullScreen={true}
          frameBorder="0"
          src="https://www.youtube.com/embed/9RTaIpVuTqE?rel=0&autoplay=1&controls=0&showinfo=0"
/>,
        "className": "film-reel-container",
      },
      "ref": null,
      "rendered": Object {
        "instance": null,
        "key": undefined,
        "nodeType": "host",
        "props": Object {
          "allowFullScreen": true,
          "frameBorder": "0",
          "src": "https://www.youtube.com/embed/9RTaIpVuTqE?rel=0&autoplay=1&controls=0&showinfo=0",
        },
        "ref": null,
        "rendered": null,
        "type": "iframe",
      },
      "type": "div",
    },
  ],
  Symbol(enzyme.__options__): Object {
    "adapter": ReactSixteenAdapter {
      "options": Object {
        "enableComponentDidUpdateOnSetState": true,
      },
    },
  },
}
`;
