// Jest Snapshot v1, https://goo.gl/fbAQLP

exports[`CardContainer tests should match the snapshot 1`] = `
ShallowWrapper {
  "length": 1,
  Symbol(enzyme.__root__): [Circular],
  Symbol(enzyme.__unrendered__): <Unknown
    favorites={
        Array [
            "array",
            "of",
            "favorites",
          ]
    }
    location={
        Object {
            "pathname": "current-path",
          }
    }
    movies={
        Array [
            "array",
            "of",
            "movies",
          ]
    }
/>,
  Symbol(enzyme.__renderer__): Object {
    "batchedUpdates": [Function],
    "getNode": [Function],
    "render": [Function],
    "simulateEvent": [Function],
    "unmount": [Function],
  },
  Symbol(enzyme.__node__): Object {
    "instance": null,
    "key": undefined,
    "nodeType": "host",
    "props": Object {
      "children": Array [
        <Connect(Component)
          movie="array"
          path="current-path"
/>,
        <Connect(Component)
          movie="of"
          path="current-path"
/>,
        <Connect(Component)
          movie="movies"
          path="current-path"
/>,
      ],
      "className": "card-container",
    },
    "ref": null,
    "rendered": Array [
      Object {
        "instance": null,
        "key": "Card: undefined",
        "nodeType": "class",
        "props": Object {
          "movie": "array",
          "path": "current-path",
        },
        "ref": null,
        "rendered": null,
        "type": [Function],
      },
      Object {
        "instance": null,
        "key": "Card: undefined",
        "nodeType": "class",
        "props": Object {
          "movie": "of",
          "path": "current-path",
        },
        "ref": null,
        "rendered": null,
        "type": [Function],
      },
      Object {
        "instance": null,
        "key": "Card: undefined",
        "nodeType": "class",
        "props": Object {
          "movie": "movies",
          "path": "current-path",
        },
        "ref": null,
        "rendered": null,
        "type": [Function],
      },
    ],
    "type": "div",
  },
  Symbol(enzyme.__nodes__): Array [
    Object {
      "instance": null,
      "key": undefined,
      "nodeType": "host",
      "props": Object {
        "children": Array [
          <Connect(Component)
            movie="array"
            path="current-path"
/>,
          <Connect(Component)
            movie="of"
            path="current-path"
/>,
          <Connect(Component)
            movie="movies"
            path="current-path"
/>,
        ],
        "className": "card-container",
      },
      "ref": null,
      "rendered": Array [
        Object {
          "instance": null,
          "key": "Card: undefined",
          "nodeType": "class",
          "props": Object {
            "movie": "array",
            "path": "current-path",
          },
          "ref": null,
          "rendered": null,
          "type": [Function],
        },
        Object {
          "instance": null,
          "key": "Card: undefined",
          "nodeType": "class",
          "props": Object {
            "movie": "of",
            "path": "current-path",
          },
          "ref": null,
          "rendered": null,
          "type": [Function],
        },
        Object {
          "instance": null,
          "key": "Card: undefined",
          "nodeType": "class",
          "props": Object {
            "movie": "movies",
            "path": "current-path",
          },
          "ref": null,
          "rendered": null,
          "type": [Function],
        },
      ],
      "type": "div",
    },
  ],
  Symbol(enzyme.__options__): Object {
    "adapter": ReactSixteenAdapter {
      "options": Object {
        "enableComponentDidUpdateOnSetState": true,
      },
    },
  },
}
`;
